Station 00:76:77:31:00:00 (on vw0)
	inactive time:	12657 ms
	rx bytes:	1110
	rx packets:	13
	tx bytes:	476
	tx packets:	6
	tx failed:	3
	signal:  	-53 dBm
	tx bitrate:	260.0 MBit/s MCS 31
	rx bitrate:	260.0 MBit/s MCS 31
	connected time:	24 seconds
	current time:	1781864463099 ms
Station 00:76:77:32:00:00 (on vw0)
	inactive time:	12657 ms
	rx bytes:	1544
	rx packets:	18
	tx bytes:	952
	tx packets:	12
	tx failed:	0
	signal:  	-53 dBm
	tx bitrate:	260.0 MBit/s MCS 31
	rx bitrate:	260.0 MBit/s MCS 31
	connected time:	24 seconds
	current time:	1781864463099 ms
